../Drivers/STM32F4xx_HAL_Driver/Inc/stm32f4xx_ll_usart.h:410:22:LL_USART_Enable	16	static
../Drivers/STM32F4xx_HAL_Driver/Inc/stm32f4xx_ll_usart.h:1814:26:LL_USART_IsActiveFlag_TXE	16	static
../Drivers/STM32F4xx_HAL_Driver/Inc/stm32f4xx_ll_usart.h:2403:25:LL_USART_ReceiveData8	16	static
../Drivers/STM32F4xx_HAL_Driver/Inc/stm32f4xx_ll_usart.h:2426:22:LL_USART_TransmitData8	16	static
/Users/j93es/workspace/imbedded/nucleo-serial-tester/nucleo-serial-tester/External Library/Inc/custom_delay.h:20:22:Custom_Delay_us	16	static
/Users/j93es/workspace/imbedded/nucleo-serial-tester/nucleo-serial-tester/External Library/Inc/custom_delay.h:28:22:Custom_Delay_ms	16	static
/Users/j93es/workspace/imbedded/nucleo-serial-tester/nucleo-serial-tester/External Library/Inc/custom_delay.h:39:22:Custom_Delay_Init_SysTick	4	static
../Main/Src/init.c:27:5:__io_putchar	16	static
../Main/Src/init.c:37:6:Read_State_Machine	24	static
../Main/Src/init.c:87:6:Write_State_Machine	16	static
../Main/Src/init.c:137:6:UART_Loopback	16	static
../Main/Src/init.c:167:6:Init	8	static
